ada_regexp.adb
ada_regexp.ads
editor-ada_abstract_state_global_depends_vertical_slice_legality.adb
editor-ada_abstract_state_global_depends_vertical_slice_legality.ads
editor-ada_abstract_state_refined_state_consumer_integration_legality.adb
editor-ada_abstract_state_refined_state_consumer_integration_legality.ads
editor-ada_abstract_state_refined_state_legality.adb
editor-ada_abstract_state_refined_state_legality.ads
editor-ada_access_definition_ast_repair_legality.adb
editor-ada_access_definition_ast_repair_legality.ads
editor-ada_access_type_access_subprogram_vertical_slice_legality.adb
editor-ada_access_type_access_subprogram_vertical_slice_legality.ads
editor-ada_accessibility_generic_shared_state_final_legality.adb
editor-ada_accessibility_generic_shared_state_final_legality.ads
editor-ada_accessibility_generic_shared_state_rm_completion_legality.adb
editor-ada_accessibility_generic_shared_state_rm_completion_legality.ads
editor-ada_accessibility_lifetime_legality.adb
editor-ada_accessibility_lifetime_legality.ads
editor-ada_accessibility_lifetime_vertical_slice_legality.adb
editor-ada_accessibility_lifetime_vertical_slice_legality.ads
editor-ada_accessibility_master_scope_final_consumer_legality.adb
editor-ada_accessibility_master_scope_final_consumer_legality.ads
editor-ada_accessibility_precision_legality.adb
editor-ada_accessibility_precision_legality.ads
editor-ada_accessibility_rm_completion_closure_consumer_legality.adb
editor-ada_accessibility_rm_completion_closure_consumer_legality.ads
editor-ada_accessibility_scope_consumer_legality.adb
editor-ada_accessibility_scope_consumer_legality.ads
editor-ada_accessibility_scope_graph_legality.adb
editor-ada_accessibility_scope_graph_legality.ads
editor-ada_ada2022_expression_type_resolution_vertical_slice_legality.adb
editor-ada_ada2022_expression_type_resolution_vertical_slice_legality.ads
editor-ada_aggregate_legality_vertical_slice.adb
editor-ada_aggregate_legality_vertical_slice.ads
editor-ada_array_container_indexing_vertical_slice_legality.adb
editor-ada_array_container_indexing_vertical_slice_legality.ads
editor-ada_aspect_inheritance_rules.adb
editor-ada_aspect_inheritance_rules.ads
editor-ada_assignment_conversion_vertical_slice_legality.adb
editor-ada_assignment_conversion_vertical_slice_legality.ads
editor-ada_assignment_legality.adb
editor-ada_assignment_legality.ads
editor-ada_ast_coverage_repair_gate_application.adb
editor-ada_ast_coverage_repair_gate_application.ads
editor-ada_ast_coverage_repair_legality.adb
editor-ada_ast_coverage_repair_legality.ads
editor-ada_ast_semantic_coverage_audit.adb
editor-ada_ast_semantic_coverage_audit.ads
editor-ada_body_spec_conformance.adb
editor-ada_body_spec_conformance.ads
editor-ada_body_spec_conformance_vertical_slice_legality.adb
editor-ada_body_spec_conformance_vertical_slice_legality.ads
editor-ada_call_and_operator_overload_resolution_legality.adb
editor-ada_call_and_operator_overload_resolution_legality.ads
editor-ada_call_candidates.adb
editor-ada_call_candidates.ads
editor-ada_call_profile_filters.adb
editor-ada_call_profile_filters.ads
editor-ada_call_profile_shapes.adb
editor-ada_call_profile_shapes.ads
editor-ada_call_resolution.adb
editor-ada_call_resolution.ads
editor-ada_callable_profile_conformance_vertical_slice_legality.adb
editor-ada_callable_profile_conformance_vertical_slice_legality.ads
editor-ada_canonical_semantic_model_agreement_audit.adb
editor-ada_canonical_semantic_model_agreement_audit.ads
editor-ada_child_unit_visibility.adb
editor-ada_child_unit_visibility.ads
editor-ada_context_clause_with_use_vertical_slice_legality.adb
editor-ada_context_clause_with_use_vertical_slice_legality.ads
editor-ada_contract_aspect_legality.adb
editor-ada_contract_aspect_legality.ads
editor-ada_contract_aspect_vertical_slice_legality.adb
editor-ada_contract_aspect_vertical_slice_legality.ads
editor-ada_contract_flow_refinement_consumer_legality.adb
editor-ada_contract_flow_refinement_consumer_legality.ads
editor-ada_contract_predicate_dataflow_consumer_legality.adb
editor-ada_contract_predicate_dataflow_consumer_legality.ads
editor-ada_control_flow_legality.adb
editor-ada_control_flow_legality.ads
editor-ada_control_flow_statement_vertical_slice_legality.adb
editor-ada_control_flow_statement_vertical_slice_legality.ads
editor-ada_conversion_access_aggregate_legality.adb
editor-ada_conversion_access_aggregate_legality.ads
editor-ada_coverage_gated_semantic_results.adb
editor-ada_coverage_gated_semantic_results.ads
editor-ada_coverage_proven_generic_shared_state_ast_repair_legality.adb
editor-ada_coverage_proven_generic_shared_state_ast_repair_legality.ads
editor-ada_coverage_proven_rm_completion_ast_repair_legality.adb
editor-ada_coverage_proven_rm_completion_ast_repair_legality.ads
editor-ada_cross_unit_closure.adb
editor-ada_cross_unit_closure.ads
editor-ada_cross_unit_diagnostics.adb
editor-ada_cross_unit_diagnostics.ads
editor-ada_cross_unit_final_semantic_closure_legality.adb
editor-ada_cross_unit_final_semantic_closure_legality.ads
editor-ada_cross_unit_generic_shared_state_final_closure_legality.adb
editor-ada_cross_unit_generic_shared_state_final_closure_legality.ads
editor-ada_cross_unit_generic_shared_state_rm_completion_closure_legality.adb
editor-ada_cross_unit_generic_shared_state_rm_completion_closure_legality.ads
editor-ada_cross_unit_lookup_integration.adb
editor-ada_cross_unit_lookup_integration.ads
editor-ada_cross_unit_representation_targets.adb
editor-ada_cross_unit_representation_targets.ads
editor-ada_cross_unit_rm_completion_closure_consumer_legality.adb
editor-ada_cross_unit_rm_completion_closure_consumer_legality.ads
editor-ada_cross_unit_semantic_closure.adb
editor-ada_cross_unit_semantic_closure.ads
editor-ada_cross_unit_shared_state_final_closure_legality.adb
editor-ada_cross_unit_shared_state_final_closure_legality.ads
editor-ada_cross_unit_visibility.adb
editor-ada_cross_unit_visibility.ads
editor-ada_dataflow_definite_initialization_consumer_legality.adb
editor-ada_dataflow_definite_initialization_consumer_legality.ads
editor-ada_dataflow_generic_shared_state_final_legality.adb
editor-ada_dataflow_generic_shared_state_final_legality.ads
editor-ada_dataflow_generic_shared_state_rm_completion_legality.adb
editor-ada_dataflow_generic_shared_state_rm_completion_legality.ads
editor-ada_dataflow_global_depends_legality.adb
editor-ada_dataflow_global_depends_legality.ads
editor-ada_dataflow_rm_completion_closure_consumer_legality.adb
editor-ada_dataflow_rm_completion_closure_consumer_legality.ads
editor-ada_declaration_parser.adb
editor-ada_declaration_parser.ads
editor-ada_declaration_parser-declaration_collectors.adb
editor-ada_declaration_parser-declaration_collectors.ads
editor-ada_declaration_parser-line_dispatch.adb
editor-ada_declaration_parser-line_dispatch.ads
editor-ada_declaration_parser-lexical_helpers.adb
editor-ada_declaration_parser-lexical_helpers.ads
editor-ada_declaration_parser-metadata_helpers.adb
editor-ada_declaration_parser-metadata_helpers.ads
editor-ada_declaration_parser-name_profile_helpers.adb
editor-ada_declaration_parser-name_profile_helpers.ads
editor-ada_declaration_parser-pragma_helpers.adb
editor-ada_declaration_parser-pragma_helpers.ads
editor-ada_declaration_parser-profile_parameter_collectors.adb
editor-ada_declaration_parser-profile_parameter_collectors.ads
editor-ada_declaration_parser-representation_metadata.adb
editor-ada_declaration_parser-representation_metadata.ads
editor-ada_declaration_parser-representation_application.adb
editor-ada_declaration_parser-representation_application.ads
editor-ada_declaration_parser-representation_static_values.adb
editor-ada_declaration_parser-representation_static_values.ads
editor-ada_declaration_parser-same_line_declarations.adb
editor-ada_declaration_parser-same_line_declarations.ads
editor-ada_declaration_parser-same_line_emitters.adb
editor-ada_declaration_parser-same_line_emitters.ads
editor-ada_declaration_parser-target_helpers.adb
editor-ada_declaration_parser-target_helpers.ads
editor-ada_declarative_regions.adb
editor-ada_declarative_regions.ads
editor-ada_definite_initialization_flow_legality.adb
editor-ada_definite_initialization_flow_legality.ads
editor-ada_definite_initialization_object_flow_consumer_legality.adb
editor-ada_definite_initialization_object_flow_consumer_legality.ads
editor-ada_diagnostic_action_router.adb
editor-ada_diagnostic_action_router.ads
editor-ada_diagnostic_action_execution.adb
editor-ada_diagnostic_action_execution.ads
editor-ada_diagnostic_command_projection.adb
editor-ada_diagnostic_command_projection.ads
editor-ada_diagnostic_navigation.adb
editor-ada_diagnostic_navigation.ads
editor-ada_diagnostic_panel_projection.adb
editor-ada_diagnostic_panel_projection.ads
editor-ada_diagnostic_provenance.adb
editor-ada_diagnostic_provenance.ads
editor-ada_diagnostic_quick_fix_skeleton.adb
editor-ada_diagnostic_quick_fix_skeleton.ads
editor-ada_diagnostic_status_line.adb
editor-ada_diagnostic_status_line.ads
editor-ada_diagnostic_suppression_baseline.adb
editor-ada_diagnostic_suppression_baseline.ads
editor-ada_direct_visibility.adb
editor-ada_direct_visibility.ads
editor-ada_discriminant_dependent_legality.adb
editor-ada_discriminant_dependent_legality.ads
editor-ada_discriminant_generic_representation_consumer_legality.adb
editor-ada_discriminant_generic_representation_consumer_legality.ads
editor-ada_discriminant_generic_shared_state_final_legality.adb
editor-ada_discriminant_generic_shared_state_final_legality.ads
editor-ada_discriminant_variant_ast_repair_legality.adb
editor-ada_discriminant_variant_ast_repair_legality.ads
editor-ada_discriminant_variant_consumer_integration_legality.adb
editor-ada_discriminant_variant_consumer_integration_legality.ads
editor-ada_discriminant_variant_record_vertical_slice_legality.adb
editor-ada_discriminant_variant_record_vertical_slice_legality.ads
editor-ada_dispatching_call_legality.adb
editor-ada_dispatching_call_legality.ads
editor-ada_dispatching_global_refinement_legality.adb
editor-ada_dispatching_global_refinement_legality.ads
editor-ada_elaboration_contract_flow_consumer_legality.adb
editor-ada_elaboration_contract_flow_consumer_legality.ads
editor-ada_elaboration_contract_predicate_dataflow_consumer_legality.adb
editor-ada_elaboration_contract_predicate_dataflow_consumer_legality.ads
editor-ada_elaboration_dependence_legality.adb
editor-ada_elaboration_dependence_legality.ads
editor-ada_elaboration_generic_shared_state_final_legality.adb
editor-ada_elaboration_generic_shared_state_final_legality.ads
editor-ada_elaboration_generic_shared_state_rm_completion_legality.adb
editor-ada_elaboration_generic_shared_state_rm_completion_legality.ads
editor-ada_elaboration_graph_closure_legality.adb
editor-ada_elaboration_graph_closure_legality.ads
editor-ada_elaboration_graph_final_consumer_legality.adb
editor-ada_elaboration_graph_final_consumer_legality.ads
editor-ada_elaboration_precision_legality.adb
editor-ada_elaboration_precision_legality.ads
editor-ada_elaboration_rm_completion_closure_consumer_legality.adb
editor-ada_elaboration_rm_completion_closure_consumer_legality.ads
editor-ada_elaboration_vertical_slice_legality.adb
editor-ada_elaboration_vertical_slice_legality.ads
editor-ada_end_to_end_semantic_scenario_audit.adb
editor-ada_end_to_end_semantic_scenario_audit.ads
editor-ada_enumeration_representation_vertical_slice_legality.adb
editor-ada_enumeration_representation_vertical_slice_legality.ads
editor-ada_exception_finalization_generic_shared_state_final_legality.adb
editor-ada_exception_finalization_generic_shared_state_final_legality.ads
editor-ada_exception_finalization_generic_shared_state_rm_completion_legality.adb
editor-ada_exception_finalization_generic_shared_state_rm_completion_legality.ads
editor-ada_exception_finalization_legality.adb
editor-ada_exception_finalization_legality.ads
editor-ada_exception_finalization_rm_completion_closure_consumer_legality.adb
editor-ada_exception_finalization_rm_completion_closure_consumer_legality.ads
editor-ada_exception_finalization_vertical_slice_legality.adb
editor-ada_exception_finalization_vertical_slice_legality.ads
editor-ada_expected_call_filters.adb
editor-ada_expected_call_filters.ads
editor-ada_expected_type_contexts.adb
editor-ada_expected_type_contexts.ads
editor-ada_expression_construct_ast_repair_legality.adb
editor-ada_expression_construct_ast_repair_legality.ads
editor-ada_expression_control_target_ast_repair_legality.adb
editor-ada_expression_control_target_ast_repair_legality.ads
editor-ada_expression_diagnostics.adb
editor-ada_expression_diagnostics.ads
editor-ada_expression_types.adb
editor-ada_expression_types.ads
editor-ada_final_rm_integrated_semantic_closure_legality.adb
editor-ada_final_rm_integrated_semantic_closure_legality.ads
editor-ada_final_semantic_blocker_remediation_order.adb
editor-ada_final_semantic_blocker_remediation_order.ads
editor-ada_final_semantic_blocker_trace_closure.adb
editor-ada_final_semantic_blocker_trace_closure.ads
editor-ada_final_semantic_diagnostic_integration.adb
editor-ada_final_semantic_diagnostic_integration.ads
editor-ada_final_semantic_diagnostic_provenance.adb
editor-ada_final_semantic_diagnostic_provenance.ads
editor-ada_final_semantic_diagnostic_search_index.adb
editor-ada_final_semantic_diagnostic_search_index.ads
editor-ada_final_semantic_recheck_application_legality.adb
editor-ada_final_semantic_recheck_application_legality.ads
editor-ada_final_semantic_recheck_convergence_legality.adb
editor-ada_final_semantic_recheck_convergence_legality.ads
editor-ada_final_semantic_recheck_eligibility_legality.adb
editor-ada_final_semantic_recheck_eligibility_legality.ads
editor-ada_final_semantic_remediation_closure_legality.adb
editor-ada_final_semantic_remediation_closure_legality.ads
editor-ada_final_semantic_remediation_diagnostic_integration.adb
editor-ada_final_semantic_remediation_diagnostic_integration.ads
editor-ada_final_semantic_remediation_diagnostic_provenance_search.adb
editor-ada_final_semantic_remediation_diagnostic_provenance_search.ads
editor-ada_final_semantic_remediation_gate_legality.adb
editor-ada_final_semantic_remediation_gate_legality.ads
editor-ada_final_semantic_remediation_worklist_legality.adb
editor-ada_final_semantic_remediation_worklist_legality.ads
editor-ada_final_semantic_stabilization_gate_legality.adb
editor-ada_final_semantic_stabilization_gate_legality.ads
editor-ada_final_semantic_stabilized_closure_legality.adb
editor-ada_final_semantic_stabilized_closure_legality.ads
editor-ada_final_semantic_stabilized_diagnostic_integration.adb
editor-ada_final_semantic_stabilized_diagnostic_integration.ads
editor-ada_flow_contract_final_proof_legality.adb
editor-ada_flow_contract_final_proof_legality.ads
editor-ada_flow_effect_graph_legality.adb
editor-ada_flow_effect_graph_legality.ads
editor-ada_flow_refinement_consumer_legality.adb
editor-ada_flow_refinement_consumer_legality.ads
editor-ada_flow_refinement_vertical_slice_legality.adb
editor-ada_flow_refinement_vertical_slice_legality.ads
editor-ada_freezing_interactions.adb
editor-ada_freezing_interactions.ads
editor-ada_freezing_points.adb
editor-ada_freezing_points.ads
editor-ada_freezing_representation_vertical_slice_legality.adb
editor-ada_freezing_representation_vertical_slice_legality.ads
editor-ada_generic_abstract_state_replay_legality.adb
editor-ada_generic_abstract_state_replay_legality.ads
editor-ada_generic_body_replay_substitution_vertical_slice_legality.adb
editor-ada_generic_body_replay_substitution_vertical_slice_legality.ads
editor-ada_generic_contract_body_vertical_slice_legality.adb
editor-ada_generic_contract_body_vertical_slice_legality.ads
editor-ada_generic_contract_diagnostics.adb
editor-ada_generic_contract_diagnostics.ads
editor-ada_generic_contracts.adb
editor-ada_generic_contracts.ads
editor-ada_generic_formal_ast_repair_legality.adb
editor-ada_generic_formal_ast_repair_legality.ads
editor-ada_generic_formal_package_nested_conformance.adb
editor-ada_generic_formal_package_nested_conformance.ads
editor-ada_generic_formal_package_substitutions.adb
editor-ada_generic_formal_package_substitutions.ads
editor-ada_generic_formal_type_conformance.adb
editor-ada_generic_formal_type_conformance.ads
editor-ada_generic_formal_type_family_vertical_slice_legality.adb
editor-ada_generic_formal_type_family_vertical_slice_legality.ads
editor-ada_generic_instance_body_semantic_expansion.adb
editor-ada_generic_instance_body_semantic_expansion.ads
editor-ada_generic_instance_body_semantic_replay.adb
editor-ada_generic_instance_body_semantic_replay.ads
editor-ada_generic_instance_freezing_representation_legality.adb
editor-ada_generic_instance_freezing_representation_legality.ads
editor-ada_generic_instantiated_body_analysis.adb
editor-ada_generic_instantiated_body_analysis.ads
editor-ada_generic_object_default_type_conformance.adb
editor-ada_generic_object_default_type_conformance.ads
editor-ada_generic_renaming_visibility.adb
editor-ada_generic_renaming_visibility.ads
editor-ada_generic_replay_nested_cycle_closure_legality.adb
editor-ada_generic_replay_nested_cycle_closure_legality.ads
editor-ada_generic_replay_representation_contract_predicate_dataflow_consumer_legality.adb
editor-ada_generic_replay_representation_contract_predicate_dataflow_consumer_legality.ads
editor-ada_generic_replay_representation_flow_consumer_legality.adb
editor-ada_generic_replay_representation_flow_consumer_legality.ads
editor-ada_generic_replay_source_instance_backmapping_legality.adb
editor-ada_generic_replay_source_instance_backmapping_legality.ads
editor-ada_generic_shared_state_final_diagnostic_integration.adb
editor-ada_generic_shared_state_final_diagnostic_integration.ads
editor-ada_generic_shared_state_final_recheck_application_legality.adb
editor-ada_generic_shared_state_final_recheck_application_legality.ads
editor-ada_generic_shared_state_final_recheck_convergence_legality.adb
editor-ada_generic_shared_state_final_recheck_convergence_legality.ads
editor-ada_generic_shared_state_final_recheck_eligibility_legality.adb
editor-ada_generic_shared_state_final_recheck_eligibility_legality.ads
editor-ada_generic_shared_state_final_remediation_worklist_legality.adb
editor-ada_generic_shared_state_final_remediation_worklist_legality.ads
editor-ada_generic_shared_state_final_stabilization_gate_legality.adb
editor-ada_generic_shared_state_final_stabilization_gate_legality.ads
editor-ada_generic_shared_state_final_stabilized_closure_legality.adb
editor-ada_generic_shared_state_final_stabilized_closure_legality.ads
editor-ada_generic_shared_state_rm_completion_diagnostic_integration.adb
editor-ada_generic_shared_state_rm_completion_diagnostic_integration.ads
editor-ada_generic_shared_state_rm_completion_recheck_application_legality.adb
editor-ada_generic_shared_state_rm_completion_recheck_application_legality.ads
editor-ada_generic_shared_state_rm_completion_recheck_convergence_legality.adb
editor-ada_generic_shared_state_rm_completion_recheck_convergence_legality.ads
editor-ada_generic_shared_state_rm_completion_recheck_eligibility_legality.adb
editor-ada_generic_shared_state_rm_completion_recheck_eligibility_legality.ads
editor-ada_generic_shared_state_rm_completion_remediation_worklist_legality.adb
editor-ada_generic_shared_state_rm_completion_remediation_worklist_legality.ads
editor-ada_generic_shared_state_rm_completion_stabilization_gate_legality.adb
editor-ada_generic_shared_state_rm_completion_stabilization_gate_legality.ads
editor-ada_generic_shared_state_rm_completion_stabilized_closure_legality.adb
editor-ada_generic_shared_state_rm_completion_stabilized_closure_legality.ads
editor-ada_generic_view_compatibility.adb
editor-ada_generic_view_compatibility.ads
editor-ada_implicit_conversions.adb
editor-ada_implicit_conversions.ads
editor-ada_integrated_semantic_closure-ast_coverage.adb
editor-ada_integrated_semantic_closure-ast_coverage.ads
editor-ada_integrated_semantic_closure-consumer_chain.adb
editor-ada_integrated_semantic_closure-consumer_chain.ads
editor-ada_integrated_semantic_closure-coverage_gates.adb
editor-ada_integrated_semantic_closure-coverage_gates.ads
editor-ada_integrated_semantic_closure-dataflow.adb
editor-ada_integrated_semantic_closure-dataflow.ads
editor-ada_integrated_semantic_closure-definite_initialization.adb
editor-ada_integrated_semantic_closure-definite_initialization.ads
editor-ada_integrated_semantic_closure-gated_results.adb
editor-ada_integrated_semantic_closure-gated_results.ads
editor-ada_integrated_semantic_closure-generic_backmapping.adb
editor-ada_integrated_semantic_closure-generic_backmapping.ads
editor-ada_integrated_semantic_closure-refined_global_depends.adb
editor-ada_integrated_semantic_closure-refined_global_depends.ads
editor-ada_integrated_semantic_closure-repair_gate_application.adb
editor-ada_integrated_semantic_closure-repair_gate_application.ads
editor-ada_integrated_semantic_closure.adb
editor-ada_integrated_semantic_closure.ads
editor-ada_interface_synchronized_vertical_slice_legality.adb
editor-ada_interface_synchronized_vertical_slice_legality.ads
editor-ada_interfacing_import_export_vertical_slice_legality.adb
editor-ada_interfacing_import_export_vertical_slice_legality.ads
editor-ada_iterator_loop_parallel_vertical_slice_legality.adb
editor-ada_iterator_loop_parallel_vertical_slice_legality.ads
editor-ada_language_model.adb
editor-ada_language_model.ads
editor-ada_language_service.adb
editor-ada_language_service.ads
editor-ada_live_semantic_diagnostics.adb
editor-ada_live_semantic_diagnostics.ads
editor-ada_library_unit_subunit_vertical_slice_legality.adb
editor-ada_library_unit_subunit_vertical_slice_legality.ads
editor-ada_limited_view_rules.adb
editor-ada_limited_view_rules.ads
editor-ada_membership_case_choice_vertical_slice_legality.adb
editor-ada_membership_case_choice_vertical_slice_legality.ads
editor-ada_nested_body_spec_conformance.adb
editor-ada_nested_body_spec_conformance.ads
editor-ada_numeric_static_expression_vertical_slice_legality.adb
editor-ada_numeric_static_expression_vertical_slice_legality.ads
editor-ada_object_flow_accessibility_consumer_legality.adb
editor-ada_object_flow_accessibility_consumer_legality.ads
editor-ada_object_initialization_default_vertical_slice_legality.adb
editor-ada_object_initialization_default_vertical_slice_legality.ads
editor-ada_operational_attribute_rules.adb
editor-ada_operational_attribute_rules.ads
editor-ada_overload_ambiguity_diagnostics.adb
editor-ada_overload_ambiguity_diagnostics.ads
editor-ada_overload_generic_shared_state_final_legality.adb
editor-ada_overload_generic_shared_state_final_legality.ads
editor-ada_overload_generic_shared_state_rm_edge_completion_legality.adb
editor-ada_overload_generic_shared_state_rm_edge_completion_legality.ads
editor-ada_overload_preference_legality.adb
editor-ada_overload_preference_legality.ads
editor-ada_overload_ranking.adb
editor-ada_overload_ranking.ads
editor-ada_overload_ranking_provenance.adb
editor-ada_overload_ranking_provenance.ads
editor-ada_overload_resolution_legality.adb
editor-ada_overload_resolution_legality.ads
editor-ada_overload_rm_completion_closure_consumer_legality.adb
editor-ada_overload_rm_completion_closure_consumer_legality.ads
editor-ada_overload_rm_edge_legality.adb
editor-ada_overload_rm_edge_legality.ads
editor-ada_overload_shared_state_rm_edge_legality.adb
editor-ada_overload_shared_state_rm_edge_legality.ads
editor-ada_overload_type_edge_precision_legality.adb
editor-ada_overload_type_edge_precision_legality.ads
editor-ada_overload_type_final_rm_consumer_legality.adb
editor-ada_overload_type_final_rm_consumer_legality.ads
editor-ada_parser_ast_coverage_vertical_slice_legality.adb
editor-ada_parser_ast_coverage_vertical_slice_legality.ads
editor-ada_partial_evidence_precision_audit.adb
editor-ada_partial_evidence_precision_audit.ads
editor-ada_architecture_cleanup.adb
editor-ada_architecture_cleanup.ads
editor-ada_diagnostic_quality_validation.adb
editor-ada_diagnostic_quality_validation.ads
editor-ada_documentation_handoff.adb
editor-ada_documentation_handoff.ads
editor-ada_end_to_end_editor_integration_validation.adb
editor-ada_end_to_end_editor_integration_validation.ads
editor-ada_performance_boundedness_validation.adb
editor-ada_performance_boundedness_validation.ads
editor-ada_project_scale_closure.adb
editor-ada_project_scale_closure.ads
editor-ada_real_ada_corpus_validation.adb
editor-ada_real_ada_corpus_validation.ads
editor-ada_release_readiness_validation.adb
editor-ada_release_readiness_validation.ads
editor-ada_predicate_dataflow_initialization_consumer_legality.adb
editor-ada_predicate_dataflow_initialization_consumer_legality.ads
editor-ada_predicate_generic_shared_state_final_legality.adb
editor-ada_predicate_generic_shared_state_final_legality.ads
editor-ada_predicate_generic_shared_state_rm_completion_legality.adb
editor-ada_predicate_generic_shared_state_rm_completion_legality.ads
editor-ada_predicate_invariant_propagation_legality.adb
editor-ada_predicate_invariant_propagation_legality.ads
editor-ada_predicate_invariant_use_site_legality.adb
editor-ada_predicate_invariant_use_site_legality.ads
editor-ada_predicate_rm_completion_closure_consumer_legality.adb
editor-ada_predicate_rm_completion_closure_consumer_legality.ads
editor-ada_private_view_visibility.adb
editor-ada_private_view_visibility.ads
editor-ada_private_with_rules.adb
editor-ada_private_with_rules.ads
editor-ada_project_index.adb
editor-ada_project_index.ads
editor-ada_record_layout_exact_validation.adb
editor-ada_record_layout_exact_validation.ads
editor-ada_record_layout_representation_vertical_slice_legality.adb
editor-ada_record_layout_representation_vertical_slice_legality.ads
editor-ada_record_layout_validation.adb
editor-ada_record_layout_validation.ads
editor-ada_record_storage_order_rules.adb
editor-ada_record_storage_order_rules.ads
editor-ada_record_variant_aggregate_legality.adb
editor-ada_record_variant_aggregate_legality.ads
editor-ada_refined_global_depends_conformance_legality.adb
editor-ada_refined_global_depends_conformance_legality.ads
editor-ada_remaining_rm_edge_coverage_proven_ast_repair_legality.adb
editor-ada_remaining_rm_edge_coverage_proven_ast_repair_legality.ads
editor-ada_remaining_rm_edge_precision_legality.adb
editor-ada_remaining_rm_edge_precision_legality.ads
editor-ada_remaining_rm_edge_recheck_application_legality.adb
editor-ada_remaining_rm_edge_recheck_application_legality.ads
editor-ada_remaining_rm_edge_recheck_convergence_legality.adb
editor-ada_remaining_rm_edge_recheck_convergence_legality.ads
editor-ada_remaining_rm_edge_recheck_eligibility_legality.adb
editor-ada_remaining_rm_edge_recheck_eligibility_legality.ads
editor-ada_remaining_rm_edge_remediation_worklist_legality.adb
editor-ada_remaining_rm_edge_remediation_worklist_legality.ads
editor-ada_remaining_rm_edge_stabilization_gate_legality.adb
editor-ada_remaining_rm_edge_stabilization_gate_legality.ads
editor-ada_remaining_rm_edge_stabilized_closure_consumer_legality.adb
editor-ada_remaining_rm_edge_stabilized_closure_consumer_legality.ads
editor-ada_remaining_rm_edge_stabilized_closure_diagnostic_integration.adb
editor-ada_remaining_rm_edge_stabilized_closure_diagnostic_integration.ads
editor-ada_remaining_rm_edge_stabilized_closure_diagnostic_provenance.adb
editor-ada_remaining_rm_edge_stabilized_closure_diagnostic_provenance.ads
editor-ada_remaining_rm_edge_stabilized_closure_legality.adb
editor-ada_remaining_rm_edge_stabilized_closure_legality.ads
editor-ada_remaining_rm_edge_stabilized_closure_search_index.adb
editor-ada_remaining_rm_edge_stabilized_closure_search_index.ads
editor-ada_remaining_rm_edge_stabilized_diagnostic_integration.adb
editor-ada_remaining_rm_edge_stabilized_diagnostic_integration.ads
editor-ada_renaming_alias_vertical_slice_legality.adb
editor-ada_renaming_alias_vertical_slice_legality.ads
editor-ada_renaming_alias_visibility_legality.adb
editor-ada_renaming_alias_visibility_legality.ads
editor-ada_renaming_generic_shared_state_final_legality.adb
editor-ada_renaming_generic_shared_state_final_legality.ads
editor-ada_renaming_separate_exception_ast_repair_legality.adb
editor-ada_renaming_separate_exception_ast_repair_legality.ads
editor-ada_repair_gated_diagnostic_integration.adb
editor-ada_repair_gated_diagnostic_integration.ads
editor-ada_repaired_coverage_semantic_feedback.adb
editor-ada_repaired_coverage_semantic_feedback.ads
editor-ada_representation_aspect_operational_vertical_slice_legality.adb
editor-ada_representation_aspect_operational_vertical_slice_legality.ads
editor-ada_representation_diagnostics.adb
editor-ada_representation_diagnostics.ads
editor-ada_representation_freezing_exact_propagation_legality.adb
editor-ada_representation_freezing_exact_propagation_legality.ads
editor-ada_representation_freezing_final_hard_cases_legality.adb
editor-ada_representation_freezing_final_hard_cases_legality.ads
editor-ada_representation_freezing_precision_legality.adb
editor-ada_representation_freezing_precision_legality.ads
editor-ada_representation_generic_shared_state_final_legality.adb
editor-ada_representation_generic_shared_state_final_legality.ads
editor-ada_representation_generic_shared_state_rm_hard_case_completion_legality.adb
editor-ada_representation_generic_shared_state_rm_hard_case_completion_legality.ads
editor-ada_representation_layout_stream_integration_legality.adb
editor-ada_representation_layout_stream_integration_legality.ads
editor-ada_representation_legality.adb
editor-ada_representation_legality.ads
editor-ada_representation_operational_ast_repair_legality.adb
editor-ada_representation_operational_ast_repair_legality.ads
editor-ada_representation_rm_completion_closure_consumer_legality.adb
editor-ada_representation_rm_completion_closure_consumer_legality.ads
editor-ada_representation_shared_state_final_legality.adb
editor-ada_representation_shared_state_final_legality.ads
editor-ada_representation_tasking_contract_predicate_dataflow_consumer_legality.adb
editor-ada_representation_tasking_contract_predicate_dataflow_consumer_legality.ads
editor-ada_representation_tasking_elaboration_flow_consumer_legality.adb
editor-ada_representation_tasking_elaboration_flow_consumer_legality.ads
editor-ada_return_legality.adb
editor-ada_return_legality.ads
editor-ada_rm_completion_closure_consumer_diagnostic_integration.adb
editor-ada_rm_completion_closure_consumer_diagnostic_integration.ads
editor-ada_rm_completion_closure_consumer_recheck_application_legality.adb
editor-ada_rm_completion_closure_consumer_recheck_application_legality.ads
editor-ada_rm_completion_closure_consumer_recheck_convergence_legality.adb
editor-ada_rm_completion_closure_consumer_recheck_convergence_legality.ads
editor-ada_rm_completion_closure_consumer_recheck_eligibility_legality.adb
editor-ada_rm_completion_closure_consumer_recheck_eligibility_legality.ads
editor-ada_rm_completion_closure_consumer_remediation_worklist_legality.adb
editor-ada_rm_completion_closure_consumer_remediation_worklist_legality.ads
editor-ada_rm_completion_closure_consumer_stabilization_gate_legality.adb
editor-ada_rm_completion_closure_consumer_stabilization_gate_legality.ads
editor-ada_rm_completion_closure_consumer_stabilized_closure_legality.adb
editor-ada_rm_completion_closure_consumer_stabilized_closure_legality.ads
editor-ada_rm_completion_closure_consumer_stabilized_diagnostic_integration.adb
editor-ada_rm_completion_closure_consumer_stabilized_diagnostic_integration.ads
editor-ada_rm_completion_closure_consumer_stabilized_diagnostic_provenance.adb
editor-ada_rm_completion_closure_consumer_stabilized_diagnostic_provenance.ads
editor-ada_rm_completion_closure_consumer_stabilized_search_index.adb
editor-ada_rm_completion_closure_consumer_stabilized_search_index.ads
editor-ada_rm_coverage_gap_remediation_audit.adb
editor-ada_rm_coverage_gap_remediation_audit.ads
editor-ada_rm_coverage_matrix_audit.adb
editor-ada_rm_coverage_matrix_audit.ads
editor-ada_rm_gap_burn_down_case_1343.adb
editor-ada_rm_gap_burn_down_case_1343.ads
editor-ada_rm_gap_burn_down_case_1344.adb
editor-ada_rm_gap_burn_down_case_1344.ads
editor-ada_rm_gap_burn_down_case_1345.adb
editor-ada_rm_gap_burn_down_case_1345.ads
editor-ada_rm_gap_burn_down_case_1346.adb
editor-ada_rm_gap_burn_down_case_1346.ads
editor-ada_rm_gap_burn_down_case_1347.adb
editor-ada_rm_gap_burn_down_case_1347.ads
editor-ada_rm_gap_burn_down_case_1348.adb
editor-ada_rm_gap_burn_down_case_1348.ads
editor-ada_rm_gap_burn_down_case_1349.adb
editor-ada_rm_gap_burn_down_case_1349.ads
editor-ada_rm_gap_burn_down_case_1350.adb
editor-ada_rm_gap_burn_down_case_1350.ads
editor-ada_rm_gap_burn_down_case_1351.adb
editor-ada_rm_gap_burn_down_case_1351.ads
editor-ada_rm_gap_burn_down_case_1352.adb
editor-ada_rm_gap_burn_down_case_1352.ads
editor-ada_rm_gap_burn_down_case_1353.adb
editor-ada_rm_gap_burn_down_case_1353.ads
editor-ada_rm_gap_burn_down_case_1354.adb
editor-ada_rm_gap_burn_down_case_1354.ads
editor-ada_rm_gap_burn_down_case_1355.adb
editor-ada_rm_gap_burn_down_case_1355.ads
editor-ada_rm_gap_burn_down_case_1356.adb
editor-ada_rm_gap_burn_down_case_1356.ads
editor-ada_rm_gap_burn_down_case_1357.adb
editor-ada_rm_gap_burn_down_case_1357.ads
editor-ada_rm_gap_burn_down_case_1358.adb
editor-ada_rm_gap_burn_down_case_1358.ads
editor-ada_rm_gap_burn_down_case_1359.adb
editor-ada_rm_gap_burn_down_case_1359.ads
editor-ada_rm_gap_burn_down_case_1360.adb
editor-ada_rm_gap_burn_down_case_1360.ads
editor-ada_rm_gap_burn_down_case_1361.adb
editor-ada_rm_gap_burn_down_case_1361.ads
editor-ada_rm_gap_burn_down_case_1362.adb
editor-ada_rm_gap_burn_down_case_1362.ads
editor-ada_rm_gap_burn_down_case_1363.adb
editor-ada_rm_gap_burn_down_case_1363.ads
editor-ada_rm_gap_burn_down_case_1364.adb
editor-ada_rm_gap_burn_down_case_1364.ads
editor-ada_rm_gap_burn_down_case_1365.adb
editor-ada_rm_gap_burn_down_case_1365.ads
editor-ada_rm_gap_burn_down_case_1366.adb
editor-ada_rm_gap_burn_down_case_1366.ads
editor-ada_rm_remaining_gap_remediation_case_1367.adb
editor-ada_rm_remaining_gap_remediation_case_1367.ads
editor-ada_rm_remaining_gap_remediation_case_1368.adb
editor-ada_rm_remaining_gap_remediation_case_1368.ads
editor-ada_rm_remaining_gap_remediation_case_1369.adb
editor-ada_rm_remaining_gap_remediation_case_1369.ads
editor-ada_rm_remaining_gap_remediation_case_1370.adb
editor-ada_rm_remaining_gap_remediation_case_1370.ads
editor-ada_rm_remaining_gap_remediation_case_1371.adb
editor-ada_rm_remaining_gap_remediation_case_1371.ads
editor-ada_rm_remaining_gap_remediation_case_1372.adb
editor-ada_rm_remaining_gap_remediation_case_1372.ads
editor-ada_rm_remaining_gap_remediation_case_1373.adb
editor-ada_rm_remaining_gap_remediation_case_1373.ads
editor-ada_rm_remaining_gap_remediation_case_1374.adb
editor-ada_rm_remaining_gap_remediation_case_1374.ads
editor-ada_rm_remaining_gap_remediation_case_1375.adb
editor-ada_rm_remaining_gap_remediation_case_1375.ads
editor-ada_rm_remaining_gap_remediation_case_1376.adb
editor-ada_rm_remaining_gap_remediation_case_1376.ads
editor-ada_rm_remaining_gap_remediation_case_1377.adb
editor-ada_rm_remaining_gap_remediation_case_1377.ads
editor-ada_rm_remaining_gap_remediation_case_1378.adb
editor-ada_rm_remaining_gap_remediation_case_1378.ads
editor-ada_rm_remaining_gap_remediation_case_1379.adb
editor-ada_rm_remaining_gap_remediation_case_1379.ads
editor-ada_rm_remaining_gap_remediation_case_1380.adb
editor-ada_rm_remaining_gap_remediation_case_1380.ads
editor-ada_rm_remaining_gap_remediation_case_1381.adb
editor-ada_rm_remaining_gap_remediation_case_1381.ads
editor-ada_rm_remaining_gap_remediation_case_1382.adb
editor-ada_rm_remaining_gap_remediation_case_1382.ads
editor-ada_rm_remaining_gap_remediation_case_1383.adb
editor-ada_rm_remaining_gap_remediation_case_1383.ads
editor-ada_rm_remaining_gap_remediation_case_1384.adb
editor-ada_rm_remaining_gap_remediation_case_1384.ads
editor-ada_rm_remaining_gap_remediation_case_1385.adb
editor-ada_rm_remaining_gap_remediation_case_1385.ads
editor-ada_rm_remaining_gap_remediation_case_1386.adb
editor-ada_rm_remaining_gap_remediation_case_1386.ads
editor-ada_rm_remaining_gap_remediation_case_1387.adb
editor-ada_rm_remaining_gap_remediation_case_1387.ads
editor-ada_rm_remaining_gap_remediation_case_1388.adb
editor-ada_rm_remaining_gap_remediation_case_1388.ads
editor-ada_rm_remaining_gap_remediation_case_1389.adb
editor-ada_rm_remaining_gap_remediation_case_1389.ads
editor-ada_rm_remaining_gap_remediation_case_1390.adb
editor-ada_rm_remaining_gap_remediation_case_1390.ads
editor-ada_rm_remaining_gap_remediation_case_1391.adb
editor-ada_rm_remaining_gap_remediation_case_1391.ads
editor-ada_rm_remaining_gap_remediation_case_1392.adb
editor-ada_rm_remaining_gap_remediation_case_1392.ads
editor-ada_rm_remaining_gap_remediation_case_1393.adb
editor-ada_rm_remaining_gap_remediation_case_1393.ads
editor-ada_rm_remaining_gap_remediation_case_1394.adb
editor-ada_rm_remaining_gap_remediation_case_1394.ads
editor-ada_rm_remaining_gap_remediation_case_1395.adb
editor-ada_rm_remaining_gap_remediation_case_1395.ads
editor-ada_rm_remaining_gap_remediation_case_1396.adb
editor-ada_rm_remaining_gap_remediation_case_1396.ads
editor-ada_rm_remaining_gap_remediation_case_1397.adb
editor-ada_rm_remaining_gap_remediation_case_1397.ads
editor-ada_rm_remaining_gap_remediation_case_1398.adb
editor-ada_rm_remaining_gap_remediation_case_1398.ads
editor-ada_rm_remaining_gap_remediation_case_1399.adb
editor-ada_rm_remaining_gap_remediation_case_1399.ads
editor-ada_rm_remaining_gap_remediation_case_1400.adb
editor-ada_rm_remaining_gap_remediation_case_1400.ads
editor-ada_rm_remaining_gap_remediation_case_1401.adb
editor-ada_rm_remaining_gap_remediation_case_1401.ads
editor-ada_rm_remaining_gap_remediation_case_1402.adb
editor-ada_rm_remaining_gap_remediation_case_1402.ads
editor-ada_rm_remaining_gap_remediation_case_1403.adb
editor-ada_rm_remaining_gap_remediation_case_1403.ads
editor-ada_rm_remaining_gap_remediation_case_1404.adb
editor-ada_rm_remaining_gap_remediation_case_1404.ads
editor-ada_rm_remaining_gap_remediation_case_1405.adb
editor-ada_rm_remaining_gap_remediation_case_1405.ads
editor-ada_rm_remaining_gap_remediation_case_1406.adb
editor-ada_rm_remaining_gap_remediation_case_1406.ads
editor-ada_rm_remaining_gap_remediation_case_1407.adb
editor-ada_rm_remaining_gap_remediation_case_1407.ads
editor-ada_rm_remaining_gap_remediation_case_1408.adb
editor-ada_rm_remaining_gap_remediation_case_1408.ads
editor-ada_rm_remaining_gap_remediation_case_1409.adb
editor-ada_rm_remaining_gap_remediation_case_1409.ads
editor-ada_rm_remaining_gap_remediation_case_1410.adb
editor-ada_rm_remaining_gap_remediation_case_1410.ads
editor-ada_rm_remaining_gap_remediation_case_1411.adb
editor-ada_rm_remaining_gap_remediation_case_1411.ads
editor-ada_rm_remaining_gap_remediation_case_1412.adb
editor-ada_rm_remaining_gap_remediation_case_1412.ads
editor-ada_rm_remaining_gap_remediation_case_1413.adb
editor-ada_rm_remaining_gap_remediation_case_1413.ads
editor-ada_rm_remaining_gap_remediation_case_1414.adb
editor-ada_rm_remaining_gap_remediation_case_1414.ads
editor-ada_rm_remaining_gap_remediation_case_1415.adb
editor-ada_rm_remaining_gap_remediation_case_1415.ads
editor-ada_rm_remaining_gap_remediation_case_1416.adb
editor-ada_rm_remaining_gap_remediation_case_1416.ads
editor-ada_rm_remaining_gap_remediation_case_1417.adb
editor-ada_rm_remaining_gap_remediation_case_1417.ads
editor-ada_rm_remaining_gap_remediation_case_1418.adb
editor-ada_rm_remaining_gap_remediation_case_1418.ads
editor-ada_rm_remaining_gap_remediation_case_1419.adb
editor-ada_rm_remaining_gap_remediation_case_1419.ads
editor-ada_rm_remaining_gap_remediation_case_1420.adb
editor-ada_rm_remaining_gap_remediation_case_1420.ads
editor-ada_rm_remaining_gap_remediation_case_1421.adb
editor-ada_rm_remaining_gap_remediation_case_1421.ads
editor-ada_rm_remaining_gap_remediation_case_1422.adb
editor-ada_rm_remaining_gap_remediation_case_1422.ads
editor-ada_rm_remaining_gap_remediation_case_1423.adb
editor-ada_rm_remaining_gap_remediation_case_1423.ads
editor-ada_rm_remaining_gap_remediation_case_1424.adb
editor-ada_rm_remaining_gap_remediation_case_1424.ads
editor-ada_rm_remaining_gap_remediation_case_1425.adb
editor-ada_rm_remaining_gap_remediation_case_1425.ads
editor-ada_rm_remaining_gap_remediation_case_1426.adb
editor-ada_rm_remaining_gap_remediation_case_1426.ads
editor-ada_rm_remaining_gap_remediation_case_1427.adb
editor-ada_rm_remaining_gap_remediation_case_1427.ads
editor-ada_rm_remaining_gap_remediation_case_1428.adb
editor-ada_rm_remaining_gap_remediation_case_1428.ads
editor-ada_selected_name_attribute_vertical_slice_legality.adb
editor-ada_selected_name_attribute_vertical_slice_legality.ads
editor-ada_selected_name_resolution.adb
editor-ada_selected_name_resolution.ads
editor-ada_selected_representation_targets.adb
editor-ada_selected_representation_targets.ads
editor-ada_semantic_colour_projection.adb
editor-ada_semantic_colour_projection.ads
editor-ada_semantic_consumer_enforcement_audit.adb
editor-ada_semantic_consumer_enforcement_audit.ads
editor-ada_semantic_coverage_gates.adb
editor-ada_semantic_coverage_gates.ads
editor-ada_semantic_diagnostic_feed.adb
editor-ada_semantic_diagnostic_feed.ads
editor-ada_semantic_diagnostic_index.adb
editor-ada_semantic_diagnostic_index.ads
editor-ada_semantic_diagnostic_snapshot_guards.adb
editor-ada_semantic_diagnostic_snapshot_guards.ads
editor-ada_semantic_integration_audit.adb
editor-ada_semantic_integration_audit.ads
editor-ada_semantic_regression_corpus_balance_audit.adb
editor-ada_semantic_regression_corpus_balance_audit.ads
editor-ada_separate_body_stub_rules.adb
editor-ada_separate_body_stub_rules.ads
editor-ada_shared_state_recheck_application_legality.adb
editor-ada_shared_state_recheck_application_legality.ads
editor-ada_shared_state_recheck_convergence_legality.adb
editor-ada_shared_state_recheck_convergence_legality.ads
editor-ada_shared_state_recheck_eligibility_legality.adb
editor-ada_shared_state_recheck_eligibility_legality.ads
editor-ada_shared_state_remediation_worklist_legality.adb
editor-ada_shared_state_remediation_worklist_legality.ads
editor-ada_shared_state_stabilization_gate_legality.adb
editor-ada_shared_state_stabilization_gate_legality.ads
editor-ada_shared_state_stabilized_closure_legality.adb
editor-ada_shared_state_stabilized_closure_legality.ads
editor-ada_shared_state_stabilized_diagnostic_integration.adb
editor-ada_shared_state_stabilized_diagnostic_integration.ads
editor-ada_static_expressions.adb
editor-ada_static_expressions.ads
editor-ada_staticness_range_predicate_legality.adb
editor-ada_staticness_range_predicate_legality.ads
editor-ada_stream_attribute_profile_conformance.adb
editor-ada_stream_attribute_profile_conformance.ads
editor-ada_subtype_compatibility.adb
editor-ada_subtype_compatibility.ads
editor-ada_subtype_range_predicate_vertical_slice_legality.adb
editor-ada_subtype_range_predicate_vertical_slice_legality.ads
editor-ada_symbol_resolver.adb
editor-ada_symbol_resolver.ads
editor-ada_syntax_core.adb
editor-ada_syntax_core.ads
editor-ada_syntax_tree.adb
editor-ada_syntax_tree.ads
editor-ada_tagged_derived_legality.adb
editor-ada_tagged_derived_legality.ads
editor-ada_tagged_dispatching_vertical_slice_legality.adb
editor-ada_tagged_dispatching_vertical_slice_legality.ads
editor-ada_tasking_contract_predicate_dataflow_consumer_legality.adb
editor-ada_tasking_contract_predicate_dataflow_consumer_legality.ads
editor-ada_tasking_elaboration_contract_flow_consumer_legality.adb
editor-ada_tasking_elaboration_contract_flow_consumer_legality.ads
editor-ada_tasking_generic_shared_state_final_legality.adb
editor-ada_tasking_generic_shared_state_final_legality.ads
editor-ada_tasking_generic_shared_state_rm_hard_case_completion_legality.adb
editor-ada_tasking_generic_shared_state_rm_hard_case_completion_legality.ads
editor-ada_tasking_protected_ast_repair_legality.adb
editor-ada_tasking_protected_ast_repair_legality.ads
editor-ada_tasking_protected_deep_edge_legality.adb
editor-ada_tasking_protected_deep_edge_legality.ads
editor-ada_tasking_protected_effects_legality.adb
editor-ada_tasking_protected_effects_legality.ads
editor-ada_tasking_protected_final_effects_legality.adb
editor-ada_tasking_protected_final_effects_legality.ads
editor-ada_tasking_protected_legality.adb
editor-ada_tasking_protected_legality.ads
editor-ada_tasking_protected_precision_legality.adb
editor-ada_tasking_protected_precision_legality.ads
editor-ada_tasking_protected_vertical_slice_legality.adb
editor-ada_tasking_protected_vertical_slice_legality.ads
editor-ada_tasking_rm_completion_closure_consumer_legality.adb
editor-ada_tasking_rm_completion_closure_consumer_legality.ads
editor-ada_tasking_shared_state_final_legality.adb
editor-ada_tasking_shared_state_final_legality.ads
editor-ada_token_cursor-tokenization.adb
editor-ada_token_cursor-tokenization.ads
editor-ada_token_cursor-expressions.adb
editor-ada_token_cursor-expressions.ads
editor-ada_token_cursor.adb
editor-ada_token_cursor.ads
editor-ada_type_graph.adb
editor-ada_type_graph.ads
editor-ada_unit_completion_order_legality.adb
editor-ada_unit_completion_order_legality.ads
editor-ada_use_type_operators.adb
editor-ada_use_type_operators.ads
editor-ada_use_visibility.adb
editor-ada_use_visibility.ads
editor-ada_view_aware_compatibility.adb
editor-ada_view_aware_compatibility.ads
editor-ada_visibility_use_name_resolution_vertical_slice_legality.adb
editor-ada_visibility_use_name_resolution_vertical_slice_legality.ads
editor-ada_volatile_atomic_representation_consumer_legality.adb
editor-ada_volatile_atomic_representation_consumer_legality.ads
editor-ada_volatile_atomic_shared_state_legality.adb
editor-ada_volatile_atomic_shared_state_legality.ads
editor-ada_wide_semantic_legality_diagnostics.adb
editor-ada_wide_semantic_legality_diagnostics.ads
editor-ada_wide_semantic_legality_diagnostics-accessibility.adb
editor-ada_wide_semantic_legality_diagnostics-accessibility.ads
editor-ada_widened_legality_coverage_gate_enforcement.adb
editor-ada_widened_legality_coverage_gate_enforcement.ads
editor-bookmarks.adb
editor-bookmarks.ads
editor-bridge.adb
editor-bridge.ads
editor-buffer_switcher.adb
editor-buffer_switcher.ads
editor-buffer_switcher_contextual_hints.adb
editor-buffer_switcher_contextual_hints.ads
editor-buffer_types.ads
editor-buffers.adb
editor-buffers.ads
editor-build_candidate_audit.adb
editor-build_candidate_audit.ads
editor-build_candidate_discovery.adb
editor-build_candidate_discovery.ads
editor-build_candidate_refresh.adb
editor-build_candidate_refresh.ads
editor-build_candidate_refresh_audit.adb
editor-build_candidate_refresh_audit.ads
editor-build_candidate_selection.adb
editor-build_candidate_selection.ads
editor-build_candidate_selection_audit.adb
editor-build_candidate_selection_audit.ads
editor-build_candidates.adb
editor-build_candidates.ads
editor-build_command.adb
editor-build_command.ads
editor-build_command_audit.adb
editor-build_command_audit.ads
editor-build_diagnostics.adb
editor-build_diagnostics.ads
editor-build_diagnostics_review.adb
editor-build_diagnostics_review.ads
editor-build_diagnostics_review_audit.adb
editor-build_diagnostics_review_audit.ads
editor-build_execution_workflow.adb
editor-build_execution_workflow.ads
editor-build_milestone_freeze.adb
editor-build_milestone_freeze.ads
editor-build_output_details.adb
editor-build_output_details.ads
editor-build_output_details_audit.adb
editor-build_output_details_audit.ads
editor-build_process_control.adb
editor-build_process_control.ads
editor-build_public_request.adb
editor-build_public_request.ads
editor-build_result_summary.adb
editor-build_result_summary.ads
editor-build_runner_policy.ads
editor-build_ui.adb
editor-build_ui.ads
editor-build_ui_actions.adb
editor-build_ui_actions.ads
editor-build_ui_panel_layout.adb
editor-build_ui_panel_layout.ads
editor-terminal_tasks.adb
editor-terminal_tasks.ads
editor-build_working_context.adb
editor-build_working_context.ads
editor-c_api.adb
editor-c_api.ads
editor-clipboard.adb
editor-clipboard.ads
editor-command_execution.adb
editor-command_execution.ads
editor-command_palette.adb
editor-command_palette.ads
editor-command_route_audit.adb
editor-command_route_audit.ads
editor-command_surface.adb
editor-command_surface.ads
editor-commands.adb
editor-commands.ads
editor-commands-availability_metadata.adb
editor-commands-availability_metadata.ads
editor-commands-descriptor_metadata.adb
editor-commands-descriptor_metadata.ads
editor-commands-descriptor_factory.adb
editor-commands-descriptor_factory.ads
editor-commands-descriptor_build_terminal.adb
editor-commands-descriptor_build_terminal.ads
editor-commands-descriptor_editing.adb
editor-commands-descriptor_editing.ads
editor-commands-descriptor_file_project.adb
editor-commands-descriptor_file_project.ads
editor-commands-descriptor_navigation.adb
editor-commands-descriptor_navigation.ads
editor-commands-descriptor_semantic_search.adb
editor-commands-descriptor_semantic_search.ads
editor-commands-descriptor_config_workspace.adb
editor-commands-descriptor_config_workspace.ads
editor-commands-descriptor_find_project_search.adb
editor-commands-descriptor_find_project_search.ads
editor-commands-descriptor_semantic_panels.adb
editor-commands-descriptor_semantic_panels.ads
editor-commands-descriptor_ui_panels.adb
editor-commands-descriptor_ui_panels.ads
editor-commands-descriptor_display_panels.adb
editor-commands-descriptor_display_panels.ads
editor-commands-descriptor_modal_switcher.adb
editor-commands-descriptor_modal_switcher.ads
editor-commands-descriptor_table.adb
editor-commands-descriptor_table.ads
editor-commands-name_metadata.adb
editor-commands-name_metadata.ads
editor-configuration_audit.adb
editor-configuration_audit.ads
editor-configuration_recovery.adb
editor-configuration_recovery.ads
editor-contextual_help.adb
editor-contextual_help.ads
editor-core_editing_workflow.adb
editor-core_editing_workflow.ads
editor-cursor.adb
editor-cursor.ads
editor-cursors.adb
editor-cursors.ads
editor-diagnostics.adb
editor-diagnostics.ads
editor-diagnostics_audit.adb
editor-diagnostics_audit.ads
editor-diagnostics_review_ux.adb
editor-diagnostics_review_ux.ads
editor-dirty_guards.adb
editor-dirty_guards.ads
editor-dirty_lines.adb
editor-dirty_lines.ads
editor-dogfood_workflow.adb
editor-dogfood_workflow.ads
editor-empty_state_guidance.adb
editor-empty_state_guidance.ads
editor-engine.adb
editor-engine.ads
editor-events.ads
editor-executor-availability.adb
editor-executor-availability.ads
editor-executor-clipboard.adb
editor-executor-clipboard.ads
editor-executor-buffer_metadata_commands.adb
editor-executor-buffer_metadata_commands.ads
editor-executor-buffer_navigation_commands.adb
editor-executor-buffer_navigation_commands.ads
editor-executor-buffer_switcher_mark_commands.adb
editor-executor-buffer_switcher_mark_commands.ads
editor-executor-buffer_switcher_pending_mark_commands.adb
editor-executor-buffer_switcher_pending_mark_commands.ads
editor-executor-buffer_switcher_preview_commands.adb
editor-executor-buffer_switcher_preview_commands.ads
editor-executor-buffer_switcher_selected_commands.adb
editor-executor-buffer_switcher_selected_commands.ads
editor-executor-buffer_switcher_surface_commands.adb
editor-executor-buffer_switcher_surface_commands.ads
editor-executor-editor_preferences_commands.adb
editor-executor-editor_preferences_commands.ads
editor-executor-editing_commands.adb
editor-executor-editing_commands.ads
editor-executor-format_commands.adb
editor-executor-format_commands.ads
editor-executor-indentation_commands.adb
editor-executor-indentation_commands.ads
editor-executor-line_edit_commands.adb
editor-executor-line_edit_commands.ads
editor-executor-text_delete_commands.adb
editor-executor-text_delete_commands.ads
editor-executor-feature_panel_commands.adb
editor-executor-feature_panel_commands.ads
editor-executor-panel_focus_commands.adb
editor-executor-panel_focus_commands.ads
editor-executor-overlay_commands.adb
editor-executor-overlay_commands.ads
editor-executor-pending_transition_policy.adb
editor-executor-pending_transition_policy.ads
editor-executor-terminal_commands.adb
editor-executor-terminal_commands.ads
editor-executor-build_commands.adb
editor-executor-build_commands.ads
editor-executor-outline_commands.adb
editor-executor-outline_commands.ads
editor-executor-semantic_commands.adb
editor-executor-semantic_commands.ads
editor-executor-semantic_completion_commands.adb
editor-executor-semantic_completion_commands.ads
editor-executor-semantic_index_commands.adb
editor-executor-semantic_index_commands.ads
editor-executor-semantic_language_command_surface.adb
editor-executor-semantic_language_command_surface.ads
editor-executor-semantic_navigation_commands.adb
editor-executor-semantic_navigation_commands.ads
editor-executor-semantic_outline_targets.adb
editor-executor-semantic_outline_targets.ads
editor-executor-semantic_rename_commands.adb
editor-executor-semantic_rename_commands.ads
editor-executor-semantic_routing_commands.adb
editor-executor-semantic_routing_commands.ads
editor-executor-semantic_service_commands.adb
editor-executor-semantic_service_commands.ads
editor-executor-semantic_symbol_selection.adb
editor-executor-semantic_symbol_selection.ads
editor-executor-search_results_commands.adb
editor-executor-search_results_commands.ads
editor-executor-shared_services.adb
editor-executor-shared_services.ads
editor-executor-message_commands.adb
editor-executor-message_commands.ads
editor-executor-buffer_switcher_shared.adb
editor-executor-buffer_switcher_shared.ads
editor-executor-command_palette_projection.adb
editor-executor-command_palette_projection.ads
editor-executor-command_surface_commands.adb
editor-executor-command_surface_commands.ads
editor-executor-command_kind_routing.adb
editor-executor-command_kind_routing.ads
editor-executor-command_result_commands.adb
editor-executor-command_result_commands.ads
editor-executor-diagnostics_commands.adb
editor-executor-diagnostics_commands.ads
editor-executor-diagnostics_problems_commands.adb
editor-executor-diagnostics_problems_commands.ads
editor-executor-edits.adb
editor-executor-edits.ads
editor-executor_edit_status.ads
editor-executor-file_tree_commands.adb
editor-executor-file_tree_commands.ads
editor-executor-file_tree_delete_commands.adb
editor-executor-file_tree_delete_commands.ads
editor-executor-file_tree_navigation_commands.adb
editor-executor-file_tree_navigation_commands.ads
editor-executor-file_tree_mutation_commands.adb
editor-executor-file_tree_mutation_commands.ads
editor-executor-project_file_index_commands.adb
editor-executor-project_file_index_commands.ads
editor-executor-project_lifecycle_commands.ads
editor-executor-project_lifecycle_commands.adb
editor-executor-workspace_commands.ads
editor-executor-workspace_commands.adb
editor-executor-configuration_commands.ads
editor-executor-configuration_commands.adb
editor-executor-bookmark_commands.ads
editor-executor-bookmark_commands.adb
editor-executor-selection_commands.ads
editor-executor-selection_commands.adb
editor-executor-file_lifecycle_commands.adb
editor-executor-file_lifecycle_commands.ads
editor-executor-file_save_commands.ads
editor-executor-file_save_commands.adb
editor-executor-file_save_basic_commands.ads
editor-executor-file_save_basic_commands.adb
editor-executor-file_target_prompt_commands.ads
editor-executor-file_target_prompt_commands.adb
editor-executor-file_operation_commands.ads
editor-executor-file_operation_commands.adb
editor-executor-file_open_commands.ads
editor-executor-file_open_commands.adb
editor-executor-buffer_close_commands.ads
editor-executor-buffer_close_commands.adb
editor-executor-find_replace_commands.adb
editor-executor-find_replace_commands.ads
editor-executor-history.adb
editor-executor-history.ads
editor-executor-navigation.adb
editor-executor-navigation.ads
editor-executor-navigation_commands.adb
editor-executor-navigation_commands.ads
editor-executor-rectangular.adb
editor-executor-rectangular.ads
editor-executor-search_commands.adb
editor-executor-search_commands.ads
editor-executor-project_search_surface_commands.adb
editor-executor-project_search_surface_commands.ads
editor-executor-project_search_result_commands.adb
editor-executor-project_search_result_commands.ads
editor-executor-project_search_replace_commands.adb
editor-executor-project_search_replace_commands.ads
editor-executor-structural.adb
editor-executor-structural.ads
editor-executor.adb
editor-executor.ads
editor-external_producers.adb
editor-external_producers.ads
editor-feature_diagnostics.adb
editor-feature_diagnostics.ads
editor-feature_messages.adb
editor-feature_messages.ads
editor-feature_panel.adb
editor-feature_panel.ads
editor-feature_panel_audit.adb
editor-feature_panel_audit.ads
editor-feature_panel_controller.adb
editor-feature_panel_controller.ads
editor-feature_search_results.adb
editor-feature_search_results.ads
editor-feature_targets.adb
editor-feature_targets.ads
editor-file_tree.adb
editor-file_tree.ads
editor-file_tree_view.adb
editor-file_tree_view.ads
editor-files.adb
editor-files.ads
editor-focus_management.adb
editor-focus_management.ads
editor-folding.adb
editor-folding.ads
editor-font_bridge.adb
editor-font_bridge.ads
editor-font_config.ads
editor-fonts-init.adb
editor-fonts-init.ads
editor-fonts.adb
editor-fonts.ads
editor-go_to_line.adb
editor-go_to_line.ads
editor-guided_prompts.adb
editor-guided_prompts.ads
editor-gutter.adb
editor-gutter.ads
editor-gutter_markers.adb
editor-gutter_markers.ads
editor-history.adb
editor-history.ads
editor-input.adb
editor-input.ads
editor-input_bridge-render_access.adb
editor-input_bridge-render_access.ads
editor-input_bridge-active_find_handlers.adb
editor-input_bridge-active_find_handlers.ads
editor-input_bridge-active_find_key_handlers.adb
editor-input_bridge-active_find_key_handlers.ads
editor-input_bridge-build_ui_pointer_handlers.adb
editor-input_bridge-build_ui_pointer_handlers.ads
editor-input_bridge-build_ui_key_handlers.adb
editor-input_bridge-build_ui_key_handlers.ads
editor-input_bridge-build_ui_projection.adb
editor-input_bridge-build_ui_projection.ads
editor-input_bridge-buffer_switcher_handlers.adb
editor-input_bridge-buffer_switcher_handlers.ads
editor-input_bridge-buffer_switcher_key_handlers.adb
editor-input_bridge-buffer_switcher_key_handlers.ads
editor-input_bridge-command_palette_handlers.adb
editor-input_bridge-command_palette_handlers.ads
editor-input_bridge-command_routing.adb
editor-input_bridge-command_routing.ads
editor-input_bridge-command_prompt_routing.adb
editor-input_bridge-command_prompt_routing.ads
editor-input_bridge-diagnostics_focus_key_handlers.adb
editor-input_bridge-diagnostics_focus_key_handlers.ads
editor-input_bridge-feature_panel_key_handlers.adb
editor-input_bridge-feature_panel_key_handlers.ads
editor-input_bridge-file_target_key_handlers.adb
editor-input_bridge-file_target_key_handlers.ads
editor-input_bridge-file_target_handlers.adb
editor-input_bridge-file_target_handlers.ads
editor-input_bridge-file_tree_key_handlers.adb
editor-input_bridge-file_tree_key_handlers.ads
editor-input_bridge-goto_line_key_handlers.adb
editor-input_bridge-goto_line_key_handlers.ads
editor-input_bridge-goto_line_handlers.adb
editor-input_bridge-goto_line_handlers.ads
editor-input_bridge-guided_prompt_key_handlers.adb
editor-input_bridge-guided_prompt_key_handlers.ads
editor-input_bridge-gutter_pointer_handlers.adb
editor-input_bridge-gutter_pointer_handlers.ads
editor-input_bridge-keybinding_handlers.adb
editor-input_bridge-keybinding_handlers.ads
editor-input_bridge-key_chord_routing.adb
editor-input_bridge-key_chord_routing.ads
editor-input_bridge-outline_filter_handlers.adb
editor-input_bridge-outline_filter_handlers.ads
editor-input_bridge-panel_bars_pointer_handlers.adb
editor-input_bridge-panel_bars_pointer_handlers.ads
editor-input_bridge-panel_feature_problems_pointer_handlers.adb
editor-input_bridge-panel_feature_problems_pointer_handlers.ads
editor-input_bridge-panel_focus_key_handlers.adb
editor-input_bridge-panel_focus_key_handlers.ads
editor-input_bridge-panel_tree_search_pointer_handlers.adb
editor-input_bridge-panel_tree_search_pointer_handlers.ads
editor-input_bridge-pending_transition_key_handlers.adb
editor-input_bridge-pending_transition_key_handlers.ads
editor-input_bridge-project_search_bar_handlers.adb
editor-input_bridge-project_search_bar_handlers.ads
editor-input_bridge-project_search_key_handlers.adb
editor-input_bridge-project_search_key_handlers.ads
editor-input_bridge-quick_open_key_handlers.adb
editor-input_bridge-quick_open_key_handlers.ads
editor-input_bridge-quick_open_handlers.adb
editor-input_bridge-quick_open_handlers.ads
editor-input_bridge-search_query_handlers.adb
editor-input_bridge-search_query_handlers.ads
editor-input_bridge-pointer_routing.adb
editor-input_bridge-pointer_routing.ads
editor-input_bridge-pointer_scroll_handlers.adb
editor-input_bridge-pointer_scroll_handlers.ads
editor-input_bridge-pointer_surface_handlers.adb
editor-input_bridge-pointer_surface_handlers.ads
editor-input_bridge-pointer_state.adb
editor-input_bridge-pointer_state.ads
editor-input_bridge-semantic_popup_key_handlers.adb
editor-input_bridge-semantic_popup_key_handlers.ads
editor-input_bridge-settings_handlers.adb
editor-input_bridge-settings_handlers.ads
editor-input_bridge-text_entry_routing.adb
editor-input_bridge-text_entry_routing.ads
editor-input_bridge-wheel_handlers.adb
editor-input_bridge-wheel_handlers.ads
editor-input_bridge.adb
editor-input_bridge.ads
editor-input_field.adb
editor-input_field.ads
editor-instance.adb
editor-instance.ads
editor-invariants.adb
editor-invariants.ads
editor-keybinding_config.adb
editor-keybinding_config.ads
editor-keybinding_management.adb
editor-keybinding_management.ads
editor-keybindings.adb
editor-keybindings.ads
editor-layout.adb
editor-layout.ads
editor-lifecycle_audit.adb
editor-lifecycle_audit.ads
editor-lifecycle_guidance.adb
editor-lifecycle_guidance.ads
editor-line_numbers.adb
editor-line_numbers.ads
editor-message_producers.adb
editor-message_producers.ads
editor-messages.adb
editor-messages.ads
editor-minimap.adb
editor-minimap.ads
editor-missing_stale_recovery.adb
editor-missing_stale_recovery.ads
editor-navigation.adb
editor-navigation.ads
editor-navigation_history.adb
editor-navigation_history.ads
editor-outline.adb
editor-outline.ads
editor-outline_audit.adb
editor-outline_audit.ads
editor-outline_extractor.adb
editor-outline_extractor.ads
editor-overlay_focus.adb
editor-overlay_focus.ads
editor-panel_focus.adb
editor-panel_focus.ads
editor-panels.adb
editor-panels.ads
editor-pending_transition_bar.adb
editor-pending_transition_bar.ads
editor-pending_transitions.adb
editor-pending_transitions.ads
editor-problems.adb
editor-problems.ads
editor-producer_contracts.adb
editor-producer_contracts.ads
editor-product_surface_cleanup.adb
editor-product_surface_cleanup.ads
editor-project.adb
editor-project.ads
editor-project_lifecycle.adb
editor-project_lifecycle.ads
editor-project_navigation.adb
editor-project_navigation.ads
editor-project_search.adb
editor-project_search.ads
editor-project_search_bar.adb
editor-project_search_bar.ads
editor-projection_surface_file_lifecycle.ads
editor-projection_surface_file_lifecycle_audit.adb
editor-projection_surface_file_lifecycle_audit.ads
editor-quick_open.adb
editor-quick_open.ads
editor-quick_open_markers.adb
editor-quick_open_markers.ads
editor-recent_buffers.adb
editor-recent_buffers.ads
editor-recent_projects.adb
editor-recent_projects.ads
editor-rectangle_selection.adb
editor-rectangle_selection.ads
editor-render_cache.adb
editor-render_cache.ads
editor-render_layers.adb
editor-render_layers.ads
editor-render_model.adb
editor-render_model.ads
editor-render_packet.adb
editor-render_packet.ads
editor-scrollbars.adb
editor-scrollbars.ads
editor-search.adb
editor-search.ads
editor-search_results.adb
editor-search_results.ads
editor-search_results_audit.adb
editor-search_results_audit.ads
editor-selection.adb
editor-selection.ads
editor-settings.adb
editor-settings.ads
editor-settings_management.adb
editor-settings_management.ads
editor-startup_readiness.adb
editor-startup_readiness.ads
editor-state-caret_rules.adb
editor-state-caret_rules.ads
editor-state.adb
editor-state.ads
editor-status_bar.adb
editor-status_bar.ads
editor-syntax.adb
editor-syntax.ads
editor-syntax_cache.adb
editor-syntax_cache.ads
editor-syntax_overlays.adb
editor-syntax_overlays.ads
editor-syntax_semantics.adb
editor-syntax_semantics.ads
editor-syntax_state.adb
editor-syntax_state.ads
editor-tab_bar.adb
editor-tab_bar.ads
editor-test_helper.adb
editor-test_helper.ads
editor-theme.adb
editor-theme.ads
editor-unicode.adb
editor-unicode.ads
editor-utf8.adb
editor-utf8.ads
editor-view.adb
editor-view.ads
editor-view_types.ads
editor-workspace_persistence.adb
editor-workspace_persistence.ads
editor-wrap.adb
editor-wrap.ads
editor.ads
text_backend-array_impl.adb
text_backend-array_impl.ads
text_backend-rope_impl.adb
text_backend-rope_impl.ads
text_backend.ads
text_buffer.ads
